Report End Points: 
-----+-------+------+-------+------+------+-----+-----+-------------+-------------
     |Group  |Launch|Capture|Shift |Delay |Depth|Slack|Begin Point  |End Point    
-----+-------+------+-------+------+------+-----+-----+-------------+-------------
1    |default|sysclk|sysclk |2500.0|2338.6|   52|  3.3|A_in_reg[0]/Q|Res_reg[55]/D
2    |default|sysclk|sysclk |2500.0|2328.2|   58| 13.7|A_in_reg[0]/Q|Res_reg[57]/D
3    |default|sysclk|sysclk |2500.0|2325.7|   56| 16.2|A_in_reg[0]/Q|Res_reg[62]/D
-----+-------+------+-------+------+------+-----+-----+-------------+-------------
Report End Points: 
-----+-----+--------------+-------+------+-----+-----+-----+-----------+--------------
     |Group|Launch        |Capture|Shift |Delay|Depth|Slack|Begin Point|End Point     
-----+-----+--------------+-------+------+-----+-----+-----+-----------+--------------
1    |I2R  |rtDefaultClock|sysclk |1250.0| 96.1|    4|895.5|A[31]      |A_in_reg[31]/D
2    |I2R  |rtDefaultClock|sysclk |1250.0| 67.6|    1|924.0|A[28]      |A_in_reg[28]/D
3    |I2R  |rtDefaultClock|sysclk |1250.0| 67.6|    1|924.0|A[27]      |A_in_reg[27]/D
-----+-----+--------------+-------+------+-----+-----+-----+-----------+--------------
Report End Points: 
-----+-----+------+-------+-----+-----+-----+-----+-----------+---------
     |Group|Launch|Capture|Shift|Delay|Depth|Slack|Begin Point|End Point
-----+-----+------+-------+-----+-----+-----+-----+-----------+---------
1    |I2O  |      |       |     |     |     |     |           |         
-----+-----+------+-------+-----+-----+-----+-----+-----------+---------
Report End Points: 
-----+-----+------+-------+-----+-----+-----+-----+-----------+---------
     |Group|Launch|Capture|Shift|Delay|Depth|Slack|Begin Point|End Point
-----+-----+------+-------+-----+-----+-----+-----+-----------+---------
1    |R2O  |      |       |     |     |     |     |           |         
-----+-----+------+-------+-----+-----+-----+-----+-----------+---------
