 Timing Path to OVF 
  
 Path Start Point : Res_reg[63] (DLH_X1) 
                       (positive level-sensitive latch clocked by sysclk_new_mode') 
 Path End Point   : OVF 
                       (rising IO latch clocked by sysclk_new_mode) 
 Mode             : new_mode 
 Corner           : corner_0_0 
 Data Cell Derate : 1 
 Data Net Derate  : 1 
 Clock Cell Derate: Early = 1 / Late = 1 
 Clock Net Derate : Early = 1 / Late = 1 
 Path Type        : max 
 Path Group       : **outputs** 
 CRPR Threshold   : 5 
  
 Attributes  : U - cell is dont use 
             : M - cell is dont modify 
             : m - net is dont modify 
             : n - connected (sub)net is dont modify 
             : S - cell is size only 
             : F - cell is fixed 
             : C - cell has annotated timing constraints 
             : c - pin has annotated timing constraints 
             : A - cell is affected by case analysis 
             : L - Estimated latency 
             : O - CTS offset 
  
 Opt Attr    : I - is ideal 
             : L - is internal logic const 
             : K - is in clock network 
             : M - has only don't modify nets 
             : N - has no load pin 
             : D - has zero or multiple drivers 
             : G - is valid global net 
             : T - is not switching 


----------------------------------------------------------------------------------------------------------------------------
| Pin                Cell    Edge Arrival Delay  Slew   Wire Cap Pin Cap  Total Cap Derate  Fanout  Bin Util Attr Opt Attr | 
|--------------------------------------------------------------------------------------------------------------------------|
|    Res_reg[63]/D   DLH_X1  Fall  2.0360 0.0000 0.0070          0.869621                                    MF            | 
|    Res_reg[63]/Q   DLH_X1  Fall  2.1000 0.0640 0.0130 0.42588  3.40189  3.82777           1       57.8581  MF            | 
|    sgo__c172/A     BUF_X4  Fall  2.1000 0.0000 0.0130          3.0037                                                    | 
|    sgo__c172/Z     BUF_X4  Fall  2.1360 0.0360 0.0110 21.4218  8.55227  29.9741           2       57.8581                | 
|    sgo__c361/A1    NOR2_X4 Fall  2.1380 0.0020 0.0110          5.59465                                                   | 
|    sgo__c361/ZN    NOR2_X4 Rise  2.1580 0.0200 0.0130 0.42588  3.25089  3.67677           1       65.4799                | 
|    opt_ipo_c504/A  INV_X2  Rise  2.1580 0.0000 0.0130          3.25089                                                   | 
|    opt_ipo_c504/ZN INV_X2  Fall  2.1720 0.0140 0.0080 0        10       10                1       65.4799                | 
|    OVF                     Fall  2.1720 0.0000 0.0080          10                                          c             | 
----------------------------------------------------------------------------------------------------------------------------


 Required Time Trace to clk 


------------------------------------------------------------------------------------------------------------
| Pin    Cell Edge Arrival Delay  Slew   Wire Cap Pin Cap Total Cap Derate  Fanout  Bin Util Attr Opt Attr | 
|----------------------------------------------------------------------------------------------------------|
|    clk      Rise  0.0000 0.0000 0.1000 14.3208  7.14484 21.4657           2       61.1105  c    K/M      | 
------------------------------------------------------------------------------------------------------------


-------------------------------------------------------------
|                                          | Time    Total  | 
|-----------------------------------------------------------|
| target clock sysclk_new_mode (rise edge) |  0.0000 0.0000 | 
| target clock cycle shift                 |  2.0000 2.0000 | 
| output delay                             | -0.2000 1.8000 | 
| data required time                       |  1.8000        | 
|                                          |                | 
| data required time                       |  1.8000        | 
| data arrival time                        | -2.1720        | 
| pessimism                                |  0.0000        | 
|                                          |                | 
| slack                                    | -0.3720        | 
-------------------------------------------------------------


 Timing Path to Res[63] 
  
 Path Start Point : Res_reg[63] (DLH_X1) 
                       (positive level-sensitive latch clocked by sysclk_new_mode') 
 Path End Point   : Res[63] 
                       (rising IO latch clocked by sysclk_new_mode) 
 Mode             : new_mode 
 Corner           : corner_0_0 
 Data Cell Derate : 1 
 Data Net Derate  : 1 
 Clock Cell Derate: Early = 1 / Late = 1 
 Clock Net Derate : Early = 1 / Late = 1 
 Path Type        : max 
 Path Group       : **outputs** 
 CRPR Threshold   : 5 
  
 Attributes  : U - cell is dont use 
             : M - cell is dont modify 
             : m - net is dont modify 
             : n - connected (sub)net is dont modify 
             : S - cell is size only 
             : F - cell is fixed 
             : C - cell has annotated timing constraints 
             : c - pin has annotated timing constraints 
             : A - cell is affected by case analysis 
             : L - Estimated latency 
             : O - CTS offset 
  
 Opt Attr    : I - is ideal 
             : L - is internal logic const 
             : K - is in clock network 
             : M - has only don't modify nets 
             : N - has no load pin 
             : D - has zero or multiple drivers 
             : G - is valid global net 
             : T - is not switching 


--------------------------------------------------------------------------------------------------------------------------------
| Pin                     Cell   Edge Arrival Delay  Slew   Wire Cap Pin Cap  Total Cap Derate  Fanout  Bin Util Attr Opt Attr | 
|------------------------------------------------------------------------------------------------------------------------------|
|    Res_reg[63]/D        DLH_X1 Rise  2.0550 0.0000 0.0090          0.914139                                    MF            | 
|    Res_reg[63]/Q        DLH_X1 Rise  2.0980 0.0430 0.0130 0.42588  3.40189  3.82777           1       57.8581  MF            | 
|    sgo__c172/A          BUF_X4 Rise  2.0980 0.0000 0.0130          3.40189                                                   | 
|    sgo__c172/Z          BUF_X4 Rise  2.1350 0.0370 0.0200 21.4218  8.55227  29.9741           2       57.8581                | 
|    CLOCK_sgo__L1_c639/A BUF_X2 Rise  2.1350 0.0000 0.0200          1.77921                                                   | 
|    CLOCK_sgo__L1_c639/Z BUF_X2 Rise  2.1690 0.0340 0.0150 0.292965 10       10.293            1       57.8581                | 
|    Res[63]                     Rise  2.1690 0.0000 0.0150          10                                          c             | 
--------------------------------------------------------------------------------------------------------------------------------


 Required Time Trace to clk 


------------------------------------------------------------------------------------------------------------
| Pin    Cell Edge Arrival Delay  Slew   Wire Cap Pin Cap Total Cap Derate  Fanout  Bin Util Attr Opt Attr | 
|----------------------------------------------------------------------------------------------------------|
|    clk      Rise  0.0000 0.0000 0.1000 14.3208  7.14484 21.4657           2       61.1105  c    K/M      | 
------------------------------------------------------------------------------------------------------------


-------------------------------------------------------------
|                                          | Time    Total  | 
|-----------------------------------------------------------|
| target clock sysclk_new_mode (rise edge) |  0.0000 0.0000 | 
| target clock cycle shift                 |  2.0000 2.0000 | 
| output delay                             | -0.2000 1.8000 | 
| data required time                       |  1.8000        | 
|                                          |                | 
| data required time                       |  1.8000        | 
| data arrival time                        | -2.1690        | 
| pessimism                                |  0.0000        | 
|                                          |                | 
| slack                                    | -0.3690        | 
-------------------------------------------------------------


 Timing Path to Res[5] 
  
 Path Start Point : Res_reg[5] (DLH_X1) 
                       (positive level-sensitive latch clocked by sysclk_new_mode') 
 Path End Point   : Res[5] 
                       (rising IO latch clocked by sysclk_new_mode) 
 Mode             : new_mode 
 Corner           : corner_0_0 
 Data Cell Derate : 1 
 Data Net Derate  : 1 
 Clock Cell Derate: Early = 1 / Late = 1 
 Clock Net Derate : Early = 1 / Late = 1 
 Path Type        : max 
 Path Group       : **outputs** 
 CRPR Threshold   : 5 
  
 Attributes  : U - cell is dont use 
             : M - cell is dont modify 
             : m - net is dont modify 
             : n - connected (sub)net is dont modify 
             : S - cell is size only 
             : F - cell is fixed 
             : C - cell has annotated timing constraints 
             : c - pin has annotated timing constraints 
             : A - cell is affected by case analysis 
             : L - Estimated latency 
             : O - CTS offset 
  
 Opt Attr    : I - is ideal 
             : L - is internal logic const 
             : K - is in clock network 
             : M - has only don't modify nets 
             : N - has no load pin 
             : D - has zero or multiple drivers 
             : G - is valid global net 
             : T - is not switching 


------------------------------------------------------------------------------------------------------------------------
| Pin             Cell   Edge Arrival Delay  Slew   Wire Cap Pin Cap  Total Cap Derate  Fanout  Bin Util Attr Opt Attr | 
|----------------------------------------------------------------------------------------------------------------------|
|    Res_reg[5]/D DLH_X1 Fall  2.0830 0.0000 0.0080          0.869621                                    MF            | 
|    Res_reg[5]/Q DLH_X1 Fall  2.1600 0.0770 0.0190 0        10       10                1       63.3956  MF            | 
|    Res[5]              Fall  2.1600 0.0000 0.0190          10                                          c             | 
------------------------------------------------------------------------------------------------------------------------


 Required Time Trace to clk 


------------------------------------------------------------------------------------------------------------
| Pin    Cell Edge Arrival Delay  Slew   Wire Cap Pin Cap Total Cap Derate  Fanout  Bin Util Attr Opt Attr | 
|----------------------------------------------------------------------------------------------------------|
|    clk      Rise  0.0000 0.0000 0.1000 14.3208  7.14484 21.4657           2       61.1105  c    K/M      | 
------------------------------------------------------------------------------------------------------------


-------------------------------------------------------------
|                                          | Time    Total  | 
|-----------------------------------------------------------|
| target clock sysclk_new_mode (rise edge) |  0.0000 0.0000 | 
| target clock cycle shift                 |  2.0000 2.0000 | 
| output delay                             | -0.2000 1.8000 | 
| data required time                       |  1.8000        | 
|                                          |                | 
| data required time                       |  1.8000        | 
| data arrival time                        | -2.1600        | 
| pessimism                                |  0.0000        | 
|                                          |                | 
| slack                                    | -0.3600        | 
-------------------------------------------------------------


 Timing Path to Res[12] 
  
 Path Start Point : Res_reg[12] (DLH_X1) 
                       (positive level-sensitive latch clocked by sysclk_new_mode') 
 Path End Point   : Res[12] 
                       (rising IO latch clocked by sysclk_new_mode) 
 Mode             : new_mode 
 Corner           : corner_0_0 
 Data Cell Derate : 1 
 Data Net Derate  : 1 
 Clock Cell Derate: Early = 1 / Late = 1 
 Clock Net Derate : Early = 1 / Late = 1 
 Path Type        : max 
 Path Group       : **outputs** 
 CRPR Threshold   : 5 
  
 Attributes  : U - cell is dont use 
             : M - cell is dont modify 
             : m - net is dont modify 
             : n - connected (sub)net is dont modify 
             : S - cell is size only 
             : F - cell is fixed 
             : C - cell has annotated timing constraints 
             : c - pin has annotated timing constraints 
             : A - cell is affected by case analysis 
             : L - Estimated latency 
             : O - CTS offset 
  
 Opt Attr    : I - is ideal 
             : L - is internal logic const 
             : K - is in clock network 
             : M - has only don't modify nets 
             : N - has no load pin 
             : D - has zero or multiple drivers 
             : G - is valid global net 
             : T - is not switching 


-------------------------------------------------------------------------------------------------------------------------
| Pin              Cell   Edge Arrival Delay  Slew   Wire Cap Pin Cap  Total Cap Derate  Fanout  Bin Util Attr Opt Attr | 
|-----------------------------------------------------------------------------------------------------------------------|
|    Res_reg[12]/D DLH_X1 Fall  2.0810 0.0000 0.0080          0.869621                                    MF            | 
|    Res_reg[12]/Q DLH_X1 Fall  2.1590 0.0780 0.0200 0.837297 10       10.8373           1       63.3956  MF            | 
|    Res[12]              Fall  2.1590 0.0000 0.0200          10                                          c             | 
-------------------------------------------------------------------------------------------------------------------------


 Required Time Trace to clk 


------------------------------------------------------------------------------------------------------------
| Pin    Cell Edge Arrival Delay  Slew   Wire Cap Pin Cap Total Cap Derate  Fanout  Bin Util Attr Opt Attr | 
|----------------------------------------------------------------------------------------------------------|
|    clk      Rise  0.0000 0.0000 0.1000 14.3208  7.14484 21.4657           2       61.1105  c    K/M      | 
------------------------------------------------------------------------------------------------------------


-------------------------------------------------------------
|                                          | Time    Total  | 
|-----------------------------------------------------------|
| target clock sysclk_new_mode (rise edge) |  0.0000 0.0000 | 
| target clock cycle shift                 |  2.0000 2.0000 | 
| output delay                             | -0.2000 1.8000 | 
| data required time                       |  1.8000        | 
|                                          |                | 
| data required time                       |  1.8000        | 
| data arrival time                        | -2.1590        | 
| pessimism                                |  0.0000        | 
|                                          |                | 
| slack                                    | -0.3590        | 
-------------------------------------------------------------


 Timing Path to Res[6] 
  
 Path Start Point : Res_reg[6] (DLH_X1) 
                       (positive level-sensitive latch clocked by sysclk_new_mode') 
 Path End Point   : Res[6] 
                       (rising IO latch clocked by sysclk_new_mode) 
 Mode             : new_mode 
 Corner           : corner_0_0 
 Data Cell Derate : 1 
 Data Net Derate  : 1 
 Clock Cell Derate: Early = 1 / Late = 1 
 Clock Net Derate : Early = 1 / Late = 1 
 Path Type        : max 
 Path Group       : **outputs** 
 CRPR Threshold   : 5 
  
 Attributes  : U - cell is dont use 
             : M - cell is dont modify 
             : m - net is dont modify 
             : n - connected (sub)net is dont modify 
             : S - cell is size only 
             : F - cell is fixed 
             : C - cell has annotated timing constraints 
             : c - pin has annotated timing constraints 
             : A - cell is affected by case analysis 
             : L - Estimated latency 
             : O - CTS offset 
  
 Opt Attr    : I - is ideal 
             : L - is internal logic const 
             : K - is in clock network 
             : M - has only don't modify nets 
             : N - has no load pin 
             : D - has zero or multiple drivers 
             : G - is valid global net 
             : T - is not switching 


------------------------------------------------------------------------------------------------------------------------
| Pin             Cell   Edge Arrival Delay  Slew   Wire Cap Pin Cap  Total Cap Derate  Fanout  Bin Util Attr Opt Attr | 
|----------------------------------------------------------------------------------------------------------------------|
|    Res_reg[6]/D DLH_X1 Fall  2.0820 0.0000 0.0080          0.869621                                    MF            | 
|    Res_reg[6]/Q DLH_X1 Fall  2.1590 0.0770 0.0190 0        10       10                1       63.3956  MF            | 
|    Res[6]              Fall  2.1590 0.0000 0.0190          10                                          c             | 
------------------------------------------------------------------------------------------------------------------------


 Required Time Trace to clk 


------------------------------------------------------------------------------------------------------------
| Pin    Cell Edge Arrival Delay  Slew   Wire Cap Pin Cap Total Cap Derate  Fanout  Bin Util Attr Opt Attr | 
|----------------------------------------------------------------------------------------------------------|
|    clk      Rise  0.0000 0.0000 0.1000 14.3208  7.14484 21.4657           2       61.1105  c    K/M      | 
------------------------------------------------------------------------------------------------------------


-------------------------------------------------------------
|                                          | Time    Total  | 
|-----------------------------------------------------------|
| target clock sysclk_new_mode (rise edge) |  0.0000 0.0000 | 
| target clock cycle shift                 |  2.0000 2.0000 | 
| output delay                             | -0.2000 1.8000 | 
| data required time                       |  1.8000        | 
|                                          |                | 
| data required time                       |  1.8000        | 
| data arrival time                        | -2.1590        | 
| pessimism                                |  0.0000        | 
|                                          |                | 
| slack                                    | -0.3590        | 
-------------------------------------------------------------


 Timing Path to Res[11] 
  
 Path Start Point : Res_reg[11] (DLH_X1) 
                       (positive level-sensitive latch clocked by sysclk_new_mode') 
 Path End Point   : Res[11] 
                       (rising IO latch clocked by sysclk_new_mode) 
 Mode             : new_mode 
 Corner           : corner_0_0 
 Data Cell Derate : 1 
 Data Net Derate  : 1 
 Clock Cell Derate: Early = 1 / Late = 1 
 Clock Net Derate : Early = 1 / Late = 1 
 Path Type        : max 
 Path Group       : **outputs** 
 CRPR Threshold   : 5 
  
 Attributes  : U - cell is dont use 
             : M - cell is dont modify 
             : m - net is dont modify 
             : n - connected (sub)net is dont modify 
             : S - cell is size only 
             : F - cell is fixed 
             : C - cell has annotated timing constraints 
             : c - pin has annotated timing constraints 
             : A - cell is affected by case analysis 
             : L - Estimated latency 
             : O - CTS offset 
  
 Opt Attr    : I - is ideal 
             : L - is internal logic const 
             : K - is in clock network 
             : M - has only don't modify nets 
             : N - has no load pin 
             : D - has zero or multiple drivers 
             : G - is valid global net 
             : T - is not switching 


-------------------------------------------------------------------------------------------------------------------------
| Pin              Cell   Edge Arrival Delay  Slew   Wire Cap Pin Cap  Total Cap Derate  Fanout  Bin Util Attr Opt Attr | 
|-----------------------------------------------------------------------------------------------------------------------|
|    Res_reg[11]/D DLH_X1 Fall  2.0790 0.0000 0.0070          0.869621                                    MF            | 
|    Res_reg[11]/Q DLH_X1 Fall  2.1570 0.0780 0.0200 1.30389  10       11.3039           1       63.3956  MF            | 
|    Res[11]              Fall  2.1580 0.0010 0.0200          10                                          c             | 
-------------------------------------------------------------------------------------------------------------------------


 Required Time Trace to clk 


------------------------------------------------------------------------------------------------------------
| Pin    Cell Edge Arrival Delay  Slew   Wire Cap Pin Cap Total Cap Derate  Fanout  Bin Util Attr Opt Attr | 
|----------------------------------------------------------------------------------------------------------|
|    clk      Rise  0.0000 0.0000 0.1000 14.3208  7.14484 21.4657           2       61.1105  c    K/M      | 
------------------------------------------------------------------------------------------------------------


-------------------------------------------------------------
|                                          | Time    Total  | 
|-----------------------------------------------------------|
| target clock sysclk_new_mode (rise edge) |  0.0000 0.0000 | 
| target clock cycle shift                 |  2.0000 2.0000 | 
| output delay                             | -0.2000 1.8000 | 
| data required time                       |  1.8000        | 
|                                          |                | 
| data required time                       |  1.8000        | 
| data arrival time                        | -2.1580        | 
| pessimism                                |  0.0000        | 
|                                          |                | 
| slack                                    | -0.3580        | 
-------------------------------------------------------------


 Timing Path to Res[10] 
  
 Path Start Point : Res_reg[10] (DLH_X1) 
                       (positive level-sensitive latch clocked by sysclk_new_mode') 
 Path End Point   : Res[10] 
                       (rising IO latch clocked by sysclk_new_mode) 
 Mode             : new_mode 
 Corner           : corner_0_0 
 Data Cell Derate : 1 
 Data Net Derate  : 1 
 Clock Cell Derate: Early = 1 / Late = 1 
 Clock Net Derate : Early = 1 / Late = 1 
 Path Type        : max 
 Path Group       : **outputs** 
 CRPR Threshold   : 5 
  
 Attributes  : U - cell is dont use 
             : M - cell is dont modify 
             : m - net is dont modify 
             : n - connected (sub)net is dont modify 
             : S - cell is size only 
             : F - cell is fixed 
             : C - cell has annotated timing constraints 
             : c - pin has annotated timing constraints 
             : A - cell is affected by case analysis 
             : L - Estimated latency 
             : O - CTS offset 
  
 Opt Attr    : I - is ideal 
             : L - is internal logic const 
             : K - is in clock network 
             : M - has only don't modify nets 
             : N - has no load pin 
             : D - has zero or multiple drivers 
             : G - is valid global net 
             : T - is not switching 


-------------------------------------------------------------------------------------------------------------------------
| Pin              Cell   Edge Arrival Delay  Slew   Wire Cap Pin Cap  Total Cap Derate  Fanout  Bin Util Attr Opt Attr | 
|-----------------------------------------------------------------------------------------------------------------------|
|    Res_reg[10]/D DLH_X1 Fall  2.0800 0.0000 0.0080          0.869621                                    MF            | 
|    Res_reg[10]/Q DLH_X1 Fall  2.1580 0.0780 0.0200 0.638374 10       10.6384           1       63.3956  MF            | 
|    Res[10]              Fall  2.1580 0.0000 0.0200          10                                          c             | 
-------------------------------------------------------------------------------------------------------------------------


 Required Time Trace to clk 


------------------------------------------------------------------------------------------------------------
| Pin    Cell Edge Arrival Delay  Slew   Wire Cap Pin Cap Total Cap Derate  Fanout  Bin Util Attr Opt Attr | 
|----------------------------------------------------------------------------------------------------------|
|    clk      Rise  0.0000 0.0000 0.1000 14.3208  7.14484 21.4657           2       61.1105  c    K/M      | 
------------------------------------------------------------------------------------------------------------


-------------------------------------------------------------
|                                          | Time    Total  | 
|-----------------------------------------------------------|
| target clock sysclk_new_mode (rise edge) |  0.0000 0.0000 | 
| target clock cycle shift                 |  2.0000 2.0000 | 
| output delay                             | -0.2000 1.8000 | 
| data required time                       |  1.8000        | 
|                                          |                | 
| data required time                       |  1.8000        | 
| data arrival time                        | -2.1580        | 
| pessimism                                |  0.0000        | 
|                                          |                | 
| slack                                    | -0.3580        | 
-------------------------------------------------------------


 Timing Path to Res[8] 
  
 Path Start Point : Res_reg[8] (DLH_X1) 
                       (positive level-sensitive latch clocked by sysclk_new_mode') 
 Path End Point   : Res[8] 
                       (rising IO latch clocked by sysclk_new_mode) 
 Mode             : new_mode 
 Corner           : corner_0_0 
 Data Cell Derate : 1 
 Data Net Derate  : 1 
 Clock Cell Derate: Early = 1 / Late = 1 
 Clock Net Derate : Early = 1 / Late = 1 
 Path Type        : max 
 Path Group       : **outputs** 
 CRPR Threshold   : 5 
  
 Attributes  : U - cell is dont use 
             : M - cell is dont modify 
             : m - net is dont modify 
             : n - connected (sub)net is dont modify 
             : S - cell is size only 
             : F - cell is fixed 
             : C - cell has annotated timing constraints 
             : c - pin has annotated timing constraints 
             : A - cell is affected by case analysis 
             : L - Estimated latency 
             : O - CTS offset 
  
 Opt Attr    : I - is ideal 
             : L - is internal logic const 
             : K - is in clock network 
             : M - has only don't modify nets 
             : N - has no load pin 
             : D - has zero or multiple drivers 
             : G - is valid global net 
             : T - is not switching 


------------------------------------------------------------------------------------------------------------------------
| Pin             Cell   Edge Arrival Delay  Slew   Wire Cap Pin Cap  Total Cap Derate  Fanout  Bin Util Attr Opt Attr | 
|----------------------------------------------------------------------------------------------------------------------|
|    Res_reg[8]/D DLH_X1 Fall  2.0820 0.0000 0.0070          0.869621                                    MF            | 
|    Res_reg[8]/Q DLH_X1 Fall  2.1580 0.0760 0.0190 0        10       10                1       63.3956  MF            | 
|    Res[8]              Fall  2.1580 0.0000 0.0190          10                                          c             | 
------------------------------------------------------------------------------------------------------------------------


 Required Time Trace to clk 


------------------------------------------------------------------------------------------------------------
| Pin    Cell Edge Arrival Delay  Slew   Wire Cap Pin Cap Total Cap Derate  Fanout  Bin Util Attr Opt Attr | 
|----------------------------------------------------------------------------------------------------------|
|    clk      Rise  0.0000 0.0000 0.1000 14.3208  7.14484 21.4657           2       61.1105  c    K/M      | 
------------------------------------------------------------------------------------------------------------


-------------------------------------------------------------
|                                          | Time    Total  | 
|-----------------------------------------------------------|
| target clock sysclk_new_mode (rise edge) |  0.0000 0.0000 | 
| target clock cycle shift                 |  2.0000 2.0000 | 
| output delay                             | -0.2000 1.8000 | 
| data required time                       |  1.8000        | 
|                                          |                | 
| data required time                       |  1.8000        | 
| data arrival time                        | -2.1580        | 
| pessimism                                |  0.0000        | 
|                                          |                | 
| slack                                    | -0.3580        | 
-------------------------------------------------------------


 Timing Path to Res[4] 
  
 Path Start Point : Res_reg[4] (DLH_X1) 
                       (positive level-sensitive latch clocked by sysclk_new_mode') 
 Path End Point   : Res[4] 
                       (rising IO latch clocked by sysclk_new_mode) 
 Mode             : new_mode 
 Corner           : corner_0_0 
 Data Cell Derate : 1 
 Data Net Derate  : 1 
 Clock Cell Derate: Early = 1 / Late = 1 
 Clock Net Derate : Early = 1 / Late = 1 
 Path Type        : max 
 Path Group       : **outputs** 
 CRPR Threshold   : 5 
  
 Attributes  : U - cell is dont use 
             : M - cell is dont modify 
             : m - net is dont modify 
             : n - connected (sub)net is dont modify 
             : S - cell is size only 
             : F - cell is fixed 
             : C - cell has annotated timing constraints 
             : c - pin has annotated timing constraints 
             : A - cell is affected by case analysis 
             : L - Estimated latency 
             : O - CTS offset 
  
 Opt Attr    : I - is ideal 
             : L - is internal logic const 
             : K - is in clock network 
             : M - has only don't modify nets 
             : N - has no load pin 
             : D - has zero or multiple drivers 
             : G - is valid global net 
             : T - is not switching 


------------------------------------------------------------------------------------------------------------------------
| Pin             Cell   Edge Arrival Delay  Slew   Wire Cap Pin Cap  Total Cap Derate  Fanout  Bin Util Attr Opt Attr | 
|----------------------------------------------------------------------------------------------------------------------|
|    Res_reg[4]/D DLH_X1 Fall  2.0820 0.0000 0.0070          0.869621                                    MF            | 
|    Res_reg[4]/Q DLH_X1 Fall  2.1580 0.0760 0.0190 0        10       10                1       63.3956  MF            | 
|    Res[4]              Fall  2.1580 0.0000 0.0190          10                                          c             | 
------------------------------------------------------------------------------------------------------------------------


 Required Time Trace to clk 


------------------------------------------------------------------------------------------------------------
| Pin    Cell Edge Arrival Delay  Slew   Wire Cap Pin Cap Total Cap Derate  Fanout  Bin Util Attr Opt Attr | 
|----------------------------------------------------------------------------------------------------------|
|    clk      Rise  0.0000 0.0000 0.1000 14.3208  7.14484 21.4657           2       61.1105  c    K/M      | 
------------------------------------------------------------------------------------------------------------


-------------------------------------------------------------
|                                          | Time    Total  | 
|-----------------------------------------------------------|
| target clock sysclk_new_mode (rise edge) |  0.0000 0.0000 | 
| target clock cycle shift                 |  2.0000 2.0000 | 
| output delay                             | -0.2000 1.8000 | 
| data required time                       |  1.8000        | 
|                                          |                | 
| data required time                       |  1.8000        | 
| data arrival time                        | -2.1580        | 
| pessimism                                |  0.0000        | 
|                                          |                | 
| slack                                    | -0.3580        | 
-------------------------------------------------------------


 Timing Path to Res[7] 
  
 Path Start Point : Res_reg[7] (DLH_X1) 
                       (positive level-sensitive latch clocked by sysclk_new_mode') 
 Path End Point   : Res[7] 
                       (rising IO latch clocked by sysclk_new_mode) 
 Mode             : new_mode 
 Corner           : corner_0_0 
 Data Cell Derate : 1 
 Data Net Derate  : 1 
 Clock Cell Derate: Early = 1 / Late = 1 
 Clock Net Derate : Early = 1 / Late = 1 
 Path Type        : max 
 Path Group       : **outputs** 
 CRPR Threshold   : 5 
  
 Attributes  : U - cell is dont use 
             : M - cell is dont modify 
             : m - net is dont modify 
             : n - connected (sub)net is dont modify 
             : S - cell is size only 
             : F - cell is fixed 
             : C - cell has annotated timing constraints 
             : c - pin has annotated timing constraints 
             : A - cell is affected by case analysis 
             : L - Estimated latency 
             : O - CTS offset 
  
 Opt Attr    : I - is ideal 
             : L - is internal logic const 
             : K - is in clock network 
             : M - has only don't modify nets 
             : N - has no load pin 
             : D - has zero or multiple drivers 
             : G - is valid global net 
             : T - is not switching 


------------------------------------------------------------------------------------------------------------------------
| Pin             Cell   Edge Arrival Delay  Slew   Wire Cap Pin Cap  Total Cap Derate  Fanout  Bin Util Attr Opt Attr | 
|----------------------------------------------------------------------------------------------------------------------|
|    Res_reg[7]/D DLH_X1 Fall  2.0790 0.0000 0.0070          0.869621                                    MF            | 
|    Res_reg[7]/Q DLH_X1 Fall  2.1570 0.0780 0.0200 0.858496 10       10.8585           1       63.3956  MF            | 
|    Res[7]              Fall  2.1570 0.0000 0.0200          10                                          c             | 
------------------------------------------------------------------------------------------------------------------------


 Required Time Trace to clk 


------------------------------------------------------------------------------------------------------------
| Pin    Cell Edge Arrival Delay  Slew   Wire Cap Pin Cap Total Cap Derate  Fanout  Bin Util Attr Opt Attr | 
|----------------------------------------------------------------------------------------------------------|
|    clk      Rise  0.0000 0.0000 0.1000 14.3208  7.14484 21.4657           2       61.1105  c    K/M      | 
------------------------------------------------------------------------------------------------------------


-------------------------------------------------------------
|                                          | Time    Total  | 
|-----------------------------------------------------------|
| target clock sysclk_new_mode (rise edge) |  0.0000 0.0000 | 
| target clock cycle shift                 |  2.0000 2.0000 | 
| output delay                             | -0.2000 1.8000 | 
| data required time                       |  1.8000        | 
|                                          |                | 
| data required time                       |  1.8000        | 
| data arrival time                        | -2.1570        | 
| pessimism                                |  0.0000        | 
|                                          |                | 
| slack                                    | -0.3570        | 
-------------------------------------------------------------


info UI33: performed report_timing for 0 sec (CPU time: 0 sec; MEM: RSS - 464M, CVMEM - 2111M, PVMEM - 2386M)
