Report for group default
Report for group I2R
Report for group I2O
------------------------------------------------------------------------------------------------------------------------------------------------------------
Startpoint: B[0]
    (Clocked by rtDefaultClock R)
Endpoint: SUM[31]
    (Clocked by vsysclk R)
Path Group: I2O
Data required time: 19500.0
    (Clock shift: 20000.0, minus Uncertainty: 0.0, plus Latency 0.0, minus Out delay: 500.0)
Data arrival time: 3514.5
Slack: 15985.5
Logic depth: 63
------------------------------------------------------------------------------------------------------------------------------------------------------------
                                                     Arrival               Arc      Net               Net    Total   fan-                                   
Path                     Module/Cell           Edge     Time    Delay    Delay    Delay     Slew     Load     Load    out     Location Power Domain      (V)
                                                        (ps)     (ps)     (ps)     (ps)     (ps)     (ff)     (ff)    (#)      (um,um)                      
------------------------------------------------------------------------------------------------------------------------------------------------------------
B[0]                     {set_input_delay}        f   1000.0   1000.0   1000.0                        4.9     12.9      2    38,    0                       
i_0_0_127/A->Z           XOR2_X2                 ff   1096.4     96.4     96.0      0.4    100.0      1.4      8.9      2    38,   38  /PD_TOP        (1.10)
i_0_0_126/B2->ZN         AOI22_X4*               fr   1177.0     80.6     80.6      0.0     15.1      1.4     29.9      2    38,   38  /PD_TOP        (1.10)
i_0_0_125/A->ZN          INV_X8                  rf   1184.0      7.0      7.0      0.0     15.3      0.7      4.5      1    38,   38  /PD_TOP        (1.10)
i_0_0_123/B1->ZN         AOI22_X4*               fr   1254.3     70.3     70.3      0.0      3.5      1.4     29.9      2    38,   38  /PD_TOP        (1.10)
i_0_0_122/A->ZN          INV_X8                  rf   1261.3      7.0      7.0      0.0     15.3      0.7      4.5      1    38,   38  /PD_TOP        (1.10)
i_0_0_120/B1->ZN         AOI22_X4*               fr   1331.6     70.3     70.3      0.0      3.5      1.4     29.9      2    38,   38  /PD_TOP        (1.10)
i_0_0_119/A->ZN          INV_X8                  rf   1338.6      7.0      7.0      0.0     15.3      0.7      4.5      1    38,   38  /PD_TOP        (1.10)
i_0_0_117/B1->ZN         AOI22_X4*               fr   1408.9     70.3     70.3      0.0      3.5      1.4     29.9      2    38,   38  /PD_TOP        (1.10)
i_0_0_116/A->ZN          INV_X8                  rf   1415.9      7.0      7.0      0.0     15.3      0.7      4.5      1    38,   38  /PD_TOP        (1.10)
i_0_0_114/B1->ZN         AOI22_X4*               fr   1486.2     70.3     70.3      0.0      3.5      1.4     29.9      2    38,   38  /PD_TOP        (1.10)
i_0_0_113/A->ZN          INV_X8                  rf   1493.2      7.0      7.0      0.0     15.3      0.7      4.5      1    38,   38  /PD_TOP        (1.10)
i_0_0_111/B1->ZN         AOI22_X4*               fr   1563.5     70.3     70.3      0.0      3.5      1.4     29.9      2    38,   38  /PD_TOP        (1.10)
i_0_0_110/A->ZN          INV_X8                  rf   1570.5      7.0      7.0      0.0     15.3      0.7      4.5      1    38,   38  /PD_TOP        (1.10)
i_0_0_108/B1->ZN         AOI22_X4*               fr   1640.8     70.3     70.3      0.0      3.5      1.4     29.9      2    38,   38  /PD_TOP        (1.10)
i_0_0_107/A->ZN          INV_X8                  rf   1647.8      7.0      7.0      0.0     15.3      0.7      4.5      1    38,   38  /PD_TOP        (1.10)
i_0_0_105/B1->ZN         AOI22_X4*               fr   1718.1     70.3     70.3      0.0      3.5      1.4     29.9      2    38,   38  /PD_TOP        (1.10)
i_0_0_104/A->ZN          INV_X8                  rf   1725.1      7.0      7.0      0.0     15.3      0.7      4.5      1    38,   38  /PD_TOP        (1.10)
i_0_0_102/B1->ZN         AOI22_X4*               fr   1795.4     70.3     70.3      0.0      3.5      1.4     29.9      2    38,   38  /PD_TOP        (1.10)
i_0_0_101/A->ZN          INV_X8                  rf   1802.4      7.0      7.0      0.0     15.3      0.7      4.5      1    38,   38  /PD_TOP        (1.10)
i_0_0_99/B1->ZN          AOI22_X4*               fr   1872.7     70.3     70.3      0.0      3.5      1.4     29.9      2    38,   38  /PD_TOP        (1.10)
i_0_0_98/A->ZN           INV_X8                  rf   1879.7      7.0      7.0      0.0     15.3      0.7      4.5      1    38,   38  /PD_TOP        (1.10)
i_0_0_96/B1->ZN          AOI22_X4*               fr   1950.0     70.3     70.3      0.0      3.5      1.4     29.9      2    38,   38  /PD_TOP        (1.10)
i_0_0_95/A->ZN           INV_X8                  rf   1957.0      7.0      7.0      0.0     15.3      0.7      4.5      1    38,   38  /PD_TOP        (1.10)
i_0_0_93/B1->ZN          AOI22_X4*               fr   2027.3     70.3     70.3      0.0      3.5      1.4     29.9      2    38,   38  /PD_TOP        (1.10)
i_0_0_92/A->ZN           INV_X8                  rf   2034.3      7.0      7.0      0.0     15.3      0.7      4.5      1    38,   38  /PD_TOP        (1.10)
i_0_0_90/B1->ZN          AOI22_X4*               fr   2104.6     70.3     70.3      0.0      3.5      1.4     29.9      2    38,   38  /PD_TOP        (1.10)
i_0_0_89/A->ZN           INV_X8                  rf   2111.6      7.0      7.0      0.0     15.3      0.7      4.5      1    38,   38  /PD_TOP        (1.10)
i_0_0_87/B1->ZN          AOI22_X4*               fr   2181.9     70.3     70.3      0.0      3.5      1.4     29.9      2    38,   38  /PD_TOP        (1.10)
i_0_0_86/A->ZN           INV_X8                  rf   2188.9      7.0      7.0      0.0     15.3      0.7      4.5      1    38,   38  /PD_TOP        (1.10)
i_0_0_84/B1->ZN          AOI22_X4*               fr   2259.2     70.3     70.3      0.0      3.5      1.4     29.9      2    38,   38  /PD_TOP        (1.10)
i_0_0_83/A->ZN           INV_X8                  rf   2266.2      7.0      7.0      0.0     15.3      0.7      4.5      1    38,   38  /PD_TOP        (1.10)
i_0_0_81/B1->ZN          AOI22_X4*               fr   2336.5     70.3     70.3      0.0      3.5      1.4     29.9      2    38,   38  /PD_TOP        (1.10)
i_0_0_80/A->ZN           INV_X8                  rf   2343.5      7.0      7.0      0.0     15.3      0.7      4.5      1    38,   38  /PD_TOP        (1.10)
i_0_0_78/B1->ZN          AOI22_X4*               fr   2413.8     70.3     70.3      0.0      3.5      1.4     29.9      2    38,   38  /PD_TOP        (1.10)
i_0_0_77/A->ZN           INV_X8                  rf   2420.8      7.0      7.0      0.0     15.3      0.7      4.5      1    38,   38  /PD_TOP        (1.10)
i_0_0_75/B1->ZN          AOI22_X4*               fr   2491.1     70.3     70.3      0.0      3.5      1.4     29.9      2    38,   38  /PD_TOP        (1.10)
i_0_0_74/A->ZN           INV_X8                  rf   2498.1      7.0      7.0      0.0     15.3      0.7      4.5      1    38,   38  /PD_TOP        (1.10)
i_0_0_72/B1->ZN          AOI22_X4*               fr   2568.4     70.3     70.3      0.0      3.5      1.4     29.9      2    38,   38  /PD_TOP        (1.10)
i_0_0_71/A->ZN           INV_X8                  rf   2575.4      7.0      7.0      0.0     15.3      0.7      4.5      1    38,   38  /PD_TOP        (1.10)
i_0_0_69/B1->ZN          AOI22_X4*               fr   2645.7     70.3     70.3      0.0      3.5      1.4     29.9      2    38,   38  /PD_TOP        (1.10)
i_0_0_68/A->ZN           INV_X8                  rf   2652.7      7.0      7.0      0.0     15.3      0.7      4.5      1    38,   38  /PD_TOP        (1.10)
i_0_0_66/B1->ZN          AOI22_X4*               fr   2723.0     70.3     70.3      0.0      3.5      1.4     29.9      2    38,   38  /PD_TOP        (1.10)
i_0_0_65/A->ZN           INV_X8                  rf   2730.0      7.0      7.0      0.0     15.3      0.7      4.5      1    38,   38  /PD_TOP        (1.10)
i_0_0_63/B1->ZN          AOI22_X4*               fr   2800.3     70.3     70.3      0.0      3.5      1.4     29.9      2    38,   38  /PD_TOP        (1.10)
i_0_0_62/A->ZN           INV_X8                  rf   2807.3      7.0      7.0      0.0     15.3      0.7      4.5      1    38,   38  /PD_TOP        (1.10)
i_0_0_60/B1->ZN          AOI22_X4*               fr   2877.6     70.3     70.3      0.0      3.5      1.4     29.9      2    38,   38  /PD_TOP        (1.10)
i_0_0_59/A->ZN           INV_X8                  rf   2884.6      7.0      7.0      0.0     15.3      0.7      4.5      1    38,   38  /PD_TOP        (1.10)
i_0_0_57/B1->ZN          AOI22_X4*               fr   2954.9     70.3     70.3      0.0      3.5      1.4     29.9      2    38,   38  /PD_TOP        (1.10)
i_0_0_56/A->ZN           INV_X8                  rf   2961.9      7.0      7.0      0.0     15.3      0.7      4.5      1    38,   38  /PD_TOP        (1.10)
i_0_0_54/B1->ZN          AOI22_X4*               fr   3032.2     70.3     70.3      0.0      3.5      1.4     29.9      2    38,   38  /PD_TOP        (1.10)
i_0_0_53/A->ZN           INV_X8                  rf   3039.2      7.0      7.0      0.0     15.3      0.7      4.5      1    38,   38  /PD_TOP        (1.10)
i_0_0_51/B1->ZN          AOI22_X4*               fr   3109.5     70.3     70.3      0.0      3.5      1.4     29.9      2    38,   38  /PD_TOP        (1.10)
i_0_0_50/A->ZN           INV_X8                  rf   3116.5      7.0      7.0      0.0     15.3      0.7      4.5      1    38,   38  /PD_TOP        (1.10)
i_0_0_48/B1->ZN          AOI22_X4*               fr   3186.8     70.3     70.3      0.0      3.5      1.4     29.9      2    38,   38  /PD_TOP        (1.10)
i_0_0_47/A->ZN           INV_X8                  rf   3193.8      7.0      7.0      0.0     15.3      0.7      4.5      1    38,   38  /PD_TOP        (1.10)
i_0_0_45/B1->ZN          AOI22_X4*               fr   3264.1     70.3     70.3      0.0      3.5      1.4     29.9      2    38,   38  /PD_TOP        (1.10)
i_0_0_44/A->ZN           INV_X8                  rf   3271.1      7.0      7.0      0.0     15.3      0.7      4.5      1    38,   38  /PD_TOP        (1.10)
i_0_0_42/B1->ZN          AOI22_X4*               fr   3341.4     70.3     70.3      0.0      3.5      1.4     29.9      2    38,   38  /PD_TOP        (1.10)
i_0_0_41/A->ZN           INV_X8                  rf   3348.4      7.0      7.0      0.0     15.3      0.7      4.5      1    38,   38  /PD_TOP        (1.10)
i_0_0_39/B1->ZN          AOI22_X4*               fr   3418.7     70.3     70.3      0.0      3.5      1.4     29.9      2    38,   38  /PD_TOP        (1.10)
i_0_0_38/A->ZN           INV_X8                  rf   3425.7      7.0      7.0      0.0     15.3      0.7      4.5      1    38,   38  /PD_TOP        (1.10)
i_0_0_36/B1->ZN          AOI22_X4                fr   3476.4     50.7     50.7      0.0      3.5      2.2     13.5      3    38,   38  /PD_TOP        (1.10)
i_0_0_33/A->Z            XOR2_X2                 rf   3514.0     37.6     37.6      0.0     35.8      5.4     15.4      1    38,   38  /PD_TOP        (1.10)
SUM[31]                                           f   3514.5      0.5               0.5     18.7                             34,    0                       
------------------------------------------------------------------------------------------------------------------------------------------------------------
Report for group R2O
