warning: No library characterized for (process = 1.00 voltage = 0.85 temperature = 25.00) can be found in the database for power domain '/PD_TOP'  [NL-174]
Report Power (instances with prefix '*' are included in total) : 
-----+----------------------+--------------------+---------------------+-------------------+-----------------
     | Instance             | Internal Power(uw) | Switching Power(uw) | Leakage Power(uw) | Total Power(uw) 
-----+----------------------+--------------------+---------------------+-------------------+-----------------
1    |*genblk2_0_Skip       |            8.777623|            17.733879|           0.220577|        26.732082
2    |*genblk2_1_Skip       |            8.713892|            17.698614|           0.220577|        26.633083
3    |*genblk2_2_Skip       |            8.713757|            17.696556|           0.220577|        26.630890
4    |*genblk2_3_Skip       |            8.713750|            17.696440|           0.220577|        26.630768
5    |*genblk2_4_Skip       |            8.713750|            17.696432|           0.220577|        26.630760
6    |*genblk2_5_Skip       |            8.713750|            17.696432|           0.220577|        26.630760
7    |*genblk2_6_Skip       |            8.713750|            17.696432|           0.220577|        26.630760
8    |*genblk2_7_Skip       |            8.702311|            18.214825|           0.220577|        27.137714
9    |*genblk1_7_rippleAdder|           20.282194|            70.047668|           0.477170|        90.807030
10   |*genblk1_6_rippleAdder|           20.285015|            68.665436|           0.477170|        89.427612
11   |*genblk1_5_rippleAdder|           20.285082|            68.633507|           0.477170|        89.395752
12   |*genblk1_4_rippleAdder|           20.285105|            68.621811|           0.477170|        89.384079
13   |*genblk1_3_rippleAdder|           20.285168|            68.589943|           0.477170|        89.352280
14   |*genblk1_2_rippleAdder|           20.285168|            68.579468|           0.477170|        89.341797
15   |*genblk1_1_rippleAdder|           20.284832|            68.568718|           0.477170|        89.330719
16   |*genblk1_0_rippleAdder|           20.344906|            68.885025|           0.477170|        89.707092
17   |*i_0_0_0              |            0.583900|             0.976654|           0.017393|         1.577948
18   |*i_0_0_1              |            1.039903|             1.316520|           0.014353|         2.370776
19   |*i_0_0_2              |            1.799701|             4.666817|           0.036441|         6.502960
20   |                      |                    |                     |                   |                 
21   |*TOTAL                |          235.523575|           699.681152|           5.650167|       940.854919
-----+----------------------+--------------------+---------------------+-------------------+-----------------
