Report for group default
------------------------------------------------------------------------------------------------------------------------------------------------------------
Startpoint: accumulator_A_reg[0]/Q
    (Clocked by sysclk R)
Endpoint: accumulator_A_reg[30]/D
    (Clocked by sysclk R)
Path Group: default
Data required time: 1968.7
    (Clock shift: 2000.0, minus Uncertainty: 0.0, plus Latency 0.0, minus Setup time: 31.3)
Data arrival time: 1317.2
Slack: 651.5
Logic depth: 37
------------------------------------------------------------------------------------------------------------------------------------------------------------
                                                     Arrival               Arc      Net               Net    Total   fan-                                   
Path                     Module/Cell           Edge     Time    Delay    Delay    Delay     Slew     Load     Load    out     Location Power Domain      (V)
                                                        (ps)     (ps)     (ps)     (ps)     (ps)     (ff)     (ff)    (#)      (um,um)                      
------------------------------------------------------------------------------------------------------------------------------------------------------------
clk                      {create_clock}           r      0.0      0.0      0.0                        0.0      0.0      3     0,   55                       
clk_gate_accumulator_A_reg/CK->GCK
                         CLKGATETST_X1           rr      0.0      0.0      0.0      0.0      0.0      0.0      0.0     69    56,   55  /PD_TOP        (1.10)
accumulator_A_reg[0]/CK->Q
                         DFF_X1*                 rr    156.7    156.7    156.7      0.0      0.0      5.6     53.7      8    56,   55  /PD_TOP        (1.10)
i_0_5/i_0/A->ZN          INV_X8                  rf    165.2      8.5      8.4      0.1     15.3      1.3      9.1      2    56,   55  /PD_TOP        (1.10)
i_0_5/i_1/A1->ZN         NAND2_X4*               fr    196.0     30.8     30.8      0.0      4.0      1.9     34.7      3    56,   55  /PD_TOP        (1.10)
i_0_5/i_5/A->ZN          INV_X8                  rf    203.1      7.1      7.1      0.0     15.3      0.7      4.9      1    56,   55  /PD_TOP        (1.10)
i_0_5/i_7/A2->ZN         AOI22_X4                fr    243.0     39.9     39.9      0.0      3.5      1.5      8.7      2    56,   55  /PD_TOP        (1.10)
i_0_5/i_11/A1->ZN        OAI22_X4                rf    268.8     25.8     25.8      0.0     30.2      1.5      8.7      2    56,   55  /PD_TOP        (1.10)
i_0_5/i_15/A1->ZN        AOI22_X4                fr    307.2     38.4     38.4      0.0     12.8      1.5      8.7      2    56,   55  /PD_TOP        (1.10)
i_0_5/i_19/A1->ZN        OAI22_X4                rf    333.0     25.8     25.8      0.0     30.2      1.5      8.7      2    56,   55  /PD_TOP        (1.10)
i_0_5/i_23/A1->ZN        AOI22_X4                fr    371.4     38.4     38.4      0.0     12.8      1.5      8.7      2    56,   55  /PD_TOP        (1.10)
i_0_5/i_27/A1->ZN        OAI22_X4                rf    397.2     25.8     25.8      0.0     30.2      1.5      8.7      2    56,   55  /PD_TOP        (1.10)
i_0_5/i_31/A1->ZN        AOI22_X4                fr    435.6     38.4     38.4      0.0     12.8      1.5      8.7      2    56,   55  /PD_TOP        (1.10)
i_0_5/i_35/A1->ZN        OAI22_X4                rf    461.4     25.8     25.8      0.0     30.2      1.5      8.7      2    56,   55  /PD_TOP        (1.10)
i_0_5/i_39/A1->ZN        AOI22_X4                fr    499.8     38.4     38.4      0.0     12.8      1.5      8.7      2    56,   55  /PD_TOP        (1.10)
i_0_5/i_43/A1->ZN        OAI22_X4                rf    525.6     25.8     25.8      0.0     30.2      1.5      8.7      2    56,   55  /PD_TOP        (1.10)
i_0_5/i_47/A1->ZN        AOI22_X4                fr    564.0     38.4     38.4      0.0     12.8      1.5      8.7      2    56,   55  /PD_TOP        (1.10)
i_0_5/i_51/A1->ZN        OAI22_X4                rf    589.8     25.8     25.8      0.0     30.2      1.5      8.7      2    56,   55  /PD_TOP        (1.10)
i_0_5/i_55/A1->ZN        AOI22_X4                fr    628.2     38.4     38.4      0.0     12.8      1.5      8.7      2    56,   55  /PD_TOP        (1.10)
i_0_5/i_59/A1->ZN        OAI22_X4                rf    654.0     25.8     25.8      0.0     30.2      1.5      8.7      2    56,   55  /PD_TOP        (1.10)
i_0_5/i_63/A1->ZN        AOI22_X4                fr    692.4     38.4     38.4      0.0     12.8      1.5      8.7      2    56,   55  /PD_TOP        (1.10)
i_0_5/i_67/A1->ZN        OAI22_X4                rf    718.2     25.8     25.8      0.0     30.2      1.5      8.7      2    56,   55  /PD_TOP        (1.10)
i_0_5/i_71/A1->ZN        AOI22_X4                fr    756.6     38.4     38.4      0.0     12.8      1.5      8.7      2    56,   55  /PD_TOP        (1.10)
i_0_5/i_75/A1->ZN        OAI22_X4                rf    782.4     25.8     25.8      0.0     30.2      1.5      8.7      2    56,   55  /PD_TOP        (1.10)
i_0_5/i_79/A1->ZN        AOI22_X4                fr    820.8     38.4     38.4      0.0     12.8      1.5      8.7      2    56,   55  /PD_TOP        (1.10)
i_0_5/i_83/A1->ZN        OAI22_X4                rf    846.6     25.8     25.8      0.0     30.2      1.5      8.7      2    56,   55  /PD_TOP        (1.10)
i_0_5/i_87/A1->ZN        AOI22_X4                fr    885.0     38.4     38.4      0.0     12.8      1.5      8.7      2    56,   55  /PD_TOP        (1.10)
i_0_5/i_91/A1->ZN        OAI22_X4                rf    910.8     25.8     25.8      0.0     30.2      1.5      8.7      2    56,   55  /PD_TOP        (1.10)
i_0_5/i_95/A1->ZN        AOI22_X4                fr    949.2     38.4     38.4      0.0     12.8      1.5      8.7      2    56,   55  /PD_TOP        (1.10)
i_0_5/i_99/A1->ZN        OAI22_X4                rf    975.0     25.8     25.8      0.0     30.2      1.5      8.7      2    56,   55  /PD_TOP        (1.10)
i_0_5/i_103/A1->ZN       AOI22_X4                fr   1013.4     38.4     38.4      0.0     12.8      1.5      8.7      2    56,   55  /PD_TOP        (1.10)
i_0_5/i_107/A1->ZN       OAI22_X4                rf   1039.2     25.8     25.8      0.0     30.2      1.5      8.7      2    56,   55  /PD_TOP        (1.10)
i_0_5/i_111/A1->ZN       AOI22_X4                fr   1077.6     38.4     38.4      0.0     12.8      1.5      8.7      2    56,   55  /PD_TOP        (1.10)
i_0_5/i_115/A1->ZN       OAI22_X4                rf   1103.4     25.8     25.8      0.0     30.2      1.5      8.7      2    56,   55  /PD_TOP        (1.10)
i_0_5/i_119/A1->ZN       AOI22_X4*               fr   1169.2     65.8     65.8      0.0     12.8      2.2     32.4      3    56,   55  /PD_TOP        (1.10)
i_0_5/i_124/A->ZN        INV_X8                  rf   1175.5      6.3      6.3      0.0     15.3      0.8      2.4      1    56,   55  /PD_TOP        (1.10)
i_0_5/i_125/A1->ZN       OAI33_X1                fr   1232.2     56.7     56.7      0.0      3.2      0.8      3.9      1    56,   55  /PD_TOP        (1.10)
i_0_5/i_126/A->ZN        XNOR2_X2                rr   1285.2     53.0     53.0      0.0     73.9      0.7      4.8      1    56,   55  /PD_TOP        (1.10)
i_0_0_297/A1->ZN         AOI22_X4                rf   1303.3     18.1     18.1      0.0     24.5      0.7      4.5      1    56,   55  /PD_TOP        (1.10)
i_0_0_296/A1->ZN         NAND2_X2                fr   1317.2     13.9     13.9      0.0     12.4      0.7      1.8      1    56,   55  /PD_TOP        (1.10)
accumulator_A_reg[30]/D  DFF_X1                   r   1317.2      0.0               0.0      8.2                             56,   55  /PD_TOP        (1.10)
------------------------------------------------------------------------------------------------------------------------------------------------------------
Report for group I2R
------------------------------------------------------------------------------------------------------------------------------------------------------------
Startpoint: B[1]
    (Clocked by rtDefaultClock R)
Endpoint: multiplicand_Q_reg[29]/D
    (Clocked by sysclk R)
Path Group: I2R
Data required time: 1962.0
    (Clock shift: 2000.0, minus Uncertainty: 0.0, plus Latency 0.0, minus Setup time: 38.0)
Data arrival time: 1265.8
Slack: 696.2
Logic depth: 21
------------------------------------------------------------------------------------------------------------------------------------------------------------
                                                     Arrival               Arc      Net               Net    Total   fan-                                   
Path                     Module/Cell           Edge     Time    Delay    Delay    Delay     Slew     Load     Load    out     Location Power Domain      (V)
                                                        (ps)     (ps)     (ps)     (ps)     (ps)     (ff)     (ff)    (#)      (um,um)                      
------------------------------------------------------------------------------------------------------------------------------------------------------------
B[1]                     {set_input_delay}        f    200.0    200.0    200.0                        9.5     21.4      4     0,   56                       
i_0_11/i_60/A2->ZN       OR3_X4                  ff    305.6    105.6    104.7      0.9    100.0      1.9      9.6      3    56,   55  /PD_TOP        (1.10)
i_0_11/i_59/A1->ZN       OR2_X4                  ff    349.5     43.9     43.9      0.0     13.4      1.2      6.8      2    56,   55  /PD_TOP        (1.10)
i_0_11/i_58/A1->ZN       OR2_X4                  ff    394.2     44.7     44.7      0.0      9.0      2.0     11.6      3    56,   55  /PD_TOP        (1.10)
i_0_11/i_57/A1->ZN       OR3_X4                  ff    455.4     61.2     61.2      0.0     10.3      1.9      9.6      3    56,   55  /PD_TOP        (1.10)
i_0_11/i_56/A1->ZN       OR2_X4                  ff    502.0     46.6     46.6      0.0     13.4      2.0     11.6      3    56,   55  /PD_TOP        (1.10)
i_0_11/i_55/A1->ZN       OR3_X4                  ff    564.6     62.6     62.6      0.0     10.3      1.9     11.7      3    56,   55  /PD_TOP        (1.10)
i_0_11/i_54/A1->ZN       NOR2_X4                 fr    595.5     30.9     30.9      0.0     14.0      1.2      8.7      2    56,   55  /PD_TOP        (1.10)
i_0_11/i_53/A1->ZN       NAND2_X4                rf    617.0     21.5     21.5      0.0     20.5      1.9     13.7      3    56,   55  /PD_TOP        (1.10)
i_0_11/i_51/A1->ZN       NOR3_X4                 fr    660.7     43.7     43.7      0.0     10.7      1.3      8.8      2    56,   55  /PD_TOP        (1.10)
i_0_11/i_50/A1->ZN       NAND2_X4                rf    684.3     23.6     23.6      0.0     35.7      2.0     11.6      3    56,   55  /PD_TOP        (1.10)
i_0_11/i_49/A1->ZN       OR3_X4                  ff    745.3     61.0     61.0      0.0      9.8      1.9      9.6      3    56,   55  /PD_TOP        (1.10)
i_0_11/i_48/A1->ZN       OR2_X4                  ff    795.4     50.1     50.1      0.0     13.4      2.7     18.7      4    56,   55  /PD_TOP        (1.10)
i_0_11/i_45/A1->ZN       NOR4_X4                 fr    854.3     58.9     58.9      0.0     12.1      1.4      8.9      2    56,   55  /PD_TOP        (1.10)
i_0_11/i_44/A1->ZN       NAND2_X4                rf    875.5     21.2     21.2      0.0     53.8      1.2      6.8      2    56,   55  /PD_TOP        (1.10)
i_0_11/i_43/A1->ZN       OR2_X4                  ff    921.0     45.5     45.5      0.0      8.0      1.9     13.7      3    56,   55  /PD_TOP        (1.10)
i_0_11/i_41/A1->ZN       NOR3_X4                 fr    964.8     43.8     43.8      0.0     10.8      1.3      8.8      2    56,   55  /PD_TOP        (1.10)
i_0_11/i_40/A1->ZN       NAND2_X4                rf    988.4     23.6     23.6      0.0     35.7      2.0     11.6      3    56,   55  /PD_TOP        (1.10)
i_0_11/i_39/A1->ZN       OR3_X4                  ff   1056.5     68.1     68.1      0.0      9.8      3.4     21.5      5    56,   55  /PD_TOP        (1.10)
i_0_11/i_32/B->Z         XOR2_X2                 ff   1117.0     60.5     60.4      0.1     16.7      0.8      3.3      1    56,   55  /PD_TOP        (1.10)
i_0_0_160/B2->ZN         AOI222_X4               fr   1259.5    142.5    142.5      0.0     12.0      0.8     26.2      1    56,   55  /PD_TOP        (1.10)
i_0_0_159/A->ZN          INV_X8                  rf   1265.8      6.3      6.3      0.0     18.6      0.7      1.8      1    56,   55  /PD_TOP        (1.10)
multiplicand_Q_reg[29]/D DFF_X1                   f   1265.8      0.0               0.0      3.2                             56,   55  /PD_TOP        (1.10)
------------------------------------------------------------------------------------------------------------------------------------------------------------
Report for group I2O
Report for group R2O
