Report 'report_power_summary': Power
Generated on Thu Dec 22 21:48:53 2022
  
--------------------------------------------------------------------------
|                        Power Summary (nanowatt)                        |
|------------------------------------------------------------------------|
| Component          Internal Switching  Dynamic Leakage  Total  Percent | 
|------------------------------------------------------------------------|
| Entire design        182242     75209   257451   68456  325907  100.00 | 
|                                                                        | 
| Power of all cells   182242     43716   225958   68456  294414   90.34 | 
|   Clock cells         14417     10178    24595     306   24901    7.64 | 
|   Data cells         167823     33538   201360   68150  269510   82.70 | 
|     Combinational         0         0        0   61480   61480   18.86 | 
|     Registers        167823     33538   201360    6671  208031   63.83 | 
|     Macros                0         0        0       0       0    0.00 | 
|     Physical              0         0        0       0       0    0.00 | 
|                                                                        | 
| Power of all nets               31493    31493           31493    9.66 | 
|   Clock nets                    31493    31493           31493    9.66 | 
|     Clock leaves                23291    23291           23291    7.15 | 
|   Data nets                         0        0               0    0.00 | 
--------------------------------------------------------------------------


info UI33: performed report_power_summary for 0 sec (CPU time: 0 sec; MEM: RSS - 445M, CVMEM - 1745M, PVMEM - 2263M)
------------------------------------------------------------------------------------------------------------------------------------------------
| Corner     Enable Setup Hold  CRPR       SI    Power            EM   Voltage Drop DRC        Process                    RC Temp Scale Factor | 
|----------------------------------------------------------------------------------------------------------------------------------------------|
| slow       false  true  false setup_hold none  leakage          none none         trans, cap new_rcmaster_techFreePDK45 25      1            | 
| fast       false  false false setup_hold none  leakage          none none         trans, cap new_rcmaster_techFreePDK45 25      1            | 
| corner_0_0 true   true  true  setup_hold delay leakage, dynamic none none         trans, cap new_rcmaster_techFreePDK45 25      1            | 
------------------------------------------------------------------------------------------------------------------------------------------------


