Report 'report_mcmm_variation': MCMM Variation
Generated on Thu Dec 22 21:45:49 2022
  
------------------------------------------------------------------
|  MCMM variability report for design 'FPU_boothAlgoR4' (nano)   |
|----------------------------------------------------------------|
| MODE     CORNER     WNS TNS    #Endpts WHS     THS     #Endpts | 
|----------------------------------------------------------------|
| new_mode corner_0_0 --- 0.0000 0       -0.8050 -0.8050 1       | 
------------------------------------------------------------------


info UI33: performed report_mcmm_variation for 0 sec (CPU time: 0 sec; MEM: RSS - 384M, CVMEM - 1784M, PVMEM - 2263M)
Report 'report_path_group': Path Group
Generated on Thu Dec 22 21:45:49 2022
  
-------------------------------------------------------------------------------------------
|                               PATH GROUPS (SETUP) (nano)                                |
|-----------------------------------------------------------------------------------------|
| QOR Weight Margin TNS Range Endpoints Violating Endpoints Violating Endpoints % WNS TNS | 
-------------------------------------------------------------------------------------------


info UI33: performed report_path_group for 0 sec (CPU time: 0 sec; MEM: RSS - 384M, CVMEM - 1784M, PVMEM - 2263M)
SLACK HISTOGRAM
---------------
Select : SELECT_LATE

---------------------------------------------
| Slack           # End Pts Total # End Pts | 
|-------------------------------------------|
| 0.0000 - 2.4990 201       201             | 
---------------------------------------------


info UI33: performed report_slack_histogram for 0 sec (CPU time: 0 sec; MEM: RSS - 384M, CVMEM - 1784M, PVMEM - 2263M)
Report 'report_path_group': Path Group
Generated on Thu Dec 22 21:45:49 2022
  
----------------------------------------------------------------------------------------------------------------------
|                                             PATH GROUPS (HOLD) (nano)                                              |
|--------------------------------------------------------------------------------------------------------------------|
|                  | QOR Weight Margin TNS Range Endpoints Violating Endpoints Violating Endpoints % WNS     TNS     | 
|--------------------------------------------------------------------------------------------------------------------|
| **global**       |     1             0.2000    201       1                   0.5                   -0.8050 -0.8050 | 
| **qor**          |     1             0.2000    201       1                   0.5                   -0.8050 -0.8050 | 
| **clock_gating** | *   1             0.2000    2         1                   50                    -0.8050 -0.8050 | 
----------------------------------------------------------------------------------------------------------------------


info UI33: performed report_path_group for 0 sec (CPU time: 0 sec; MEM: RSS - 384M, CVMEM - 1784M, PVMEM - 2263M)
SLACK HISTOGRAM
---------------
Select : SELECT_EARLY

-----------------------------------------------
| Slack             # End Pts Total # End Pts | 
|---------------------------------------------|
| -0.8250 - -0.8010 1         1               | 
| -0.8000 - -0.7760 0         1               | 
| -0.7750 - -0.7510 0         1               | 
| -0.7500 - -0.7260 0         1               | 
| -0.7250 - -0.7010 0         1               | 
| -0.7000 - -0.6760 0         1               | 
| -0.6750 - -0.6510 0         1               | 
| -0.6500 - -0.6260 0         1               | 
| -0.6250 - -0.6010 0         1               | 
| -0.6000 - -0.5760 0         1               | 
| -0.5750 - -0.5510 0         1               | 
| -0.5500 - -0.5260 0         1               | 
| -0.5250 - -0.5010 0         1               | 
| -0.5000 - -0.4760 0         1               | 
| -0.4750 - -0.4510 0         1               | 
| -0.4500 - -0.4260 0         1               | 
| -0.4250 - -0.4010 0         1               | 
| -0.4000 - -0.3760 0         1               | 
| -0.3750 - -0.3510 0         1               | 
| -0.3500 - -0.3260 0         1               | 
| -0.3250 - -0.3010 0         1               | 
| -0.3000 - -0.2760 0         1               | 
| -0.2750 - -0.2510 0         1               | 
| -0.2500 - -0.2260 0         1               | 
| -0.2250 - -0.2010 0         1               | 
| -0.2000 - -0.1760 0         1               | 
| -0.1750 - -0.1510 0         1               | 
| -0.1500 - -0.1260 0         1               | 
| -0.1250 - -0.1010 0         1               | 
| -0.1000 - -0.0760 0         1               | 
| -0.0750 - -0.0510 0         1               | 
| -0.0500 - -0.0260 0         1               | 
| -0.0250 - -0.0010 0         1               | 
| 0.0000 - 0.4990   200       201             | 
-----------------------------------------------


info UI33: performed report_slack_histogram for 0 sec (CPU time: 0 sec; MEM: RSS - 384M, CVMEM - 1784M, PVMEM - 2263M)
