Report 'report_power_summary': Power
Generated on Thu Dec 22 21:41:40 2022
  
--------------------------------------------------------------------------
|                        Power Summary (nanowatt)                        |
|------------------------------------------------------------------------|
| Component          Internal Switching  Dynamic Leakage  Total  Percent | 
|------------------------------------------------------------------------|
| Entire design        188099     72281   260379   84865  345244  100.00 | 
|                                                                        | 
| Power of all cells   188099     44955   233054   84865  317918   92.09 | 
|   Clock cells         22376     11417    33793     348   34141    9.89 | 
|   Data cells         165720     33538   199257   84517  283774   82.20 | 
|     Combinational         0         0        0   77866   77866   22.55 | 
|     Registers        165720     33538   199257    6651  205908   59.64 | 
|     Macros                0         0        0       0       0    0.00 | 
|     Physical              0         0        0       0       0    0.00 | 
|                                                                        | 
| Power of all nets               27326    27326           27326    7.91 | 
|   Clock nets                    27326    27326           27326    7.91 | 
|     Clock leaves                20375    20375           20375    5.90 | 
|   Data nets                         0        0               0    0.00 | 
--------------------------------------------------------------------------


info UI33: performed report_power_summary for 0 sec (CPU time: 0 sec; MEM: RSS - 507M, CVMEM - 1775M, PVMEM - 2263M)
------------------------------------------------------------------------------------------------------------------------------------------------
| Corner     Enable Setup Hold  CRPR       SI    Power            EM   Voltage Drop DRC        Process                    RC Temp Scale Factor | 
|----------------------------------------------------------------------------------------------------------------------------------------------|
| slow       false  true  false setup_hold none  leakage          none none         trans, cap new_rcmaster_techFreePDK45 25      1            | 
| fast       false  false false setup_hold none  leakage          none none         trans, cap new_rcmaster_techFreePDK45 25      1            | 
| corner_0_0 true   true  true  setup_hold delay leakage, dynamic none none         trans, cap new_rcmaster_techFreePDK45 25      1            | 
------------------------------------------------------------------------------------------------------------------------------------------------


