Report 'report_power_summary': Power
Generated on Thu Dec 22 21:38:55 2022
  
--------------------------------------------------------------------------
|                        Power Summary (nanowatt)                        |
|------------------------------------------------------------------------|
| Component          Internal Switching  Dynamic Leakage  Total  Percent | 
|------------------------------------------------------------------------|
| Entire design        311310     61673   372983   83937  456920  100.00 | 
|                                                                        | 
| Power of all cells   311310     40184   351494   83937  435431   95.30 | 
|   Clock cells          7186      6646    13832     182   14014    3.07 | 
|   Data cells         304111     33538   337649   83755  421404   92.23 | 
|     Combinational         0         0        0   77104   77104   16.87 | 
|     Registers        304111     33538   337649    6651  344300   75.35 | 
|     Macros                0         0        0       0       0    0.00 | 
|     Physical              0         0        0       0       0    0.00 | 
|                                                                        | 
| Power of all nets               21488    21488           21488    4.70 | 
|   Clock nets                    21488    21488           21488    4.70 | 
|     Clock leaves                16783    16783           16783    3.67 | 
|   Data nets                         0        0               0    0.00 | 
--------------------------------------------------------------------------


info UI33: performed report_power_summary for 0 sec (CPU time: 0 sec; MEM: RSS - 437M, CVMEM - 1814M, PVMEM - 2263M)
-----------------------------------------------------------------------------------------------------------------------------------------------
| Corner     Enable Setup Hold  CRPR       SI   Power            EM   Voltage Drop DRC        Process                    RC Temp Scale Factor | 
|---------------------------------------------------------------------------------------------------------------------------------------------|
| slow       false  true  false setup_hold none leakage          none none         trans, cap new_rcmaster_techFreePDK45 25      1            | 
| fast       false  false false setup_hold none leakage          none none         trans, cap new_rcmaster_techFreePDK45 25      1            | 
| corner_0_0 true   true  true  setup_hold none leakage, dynamic none none         trans, cap new_rcmaster_techFreePDK45 25      1            | 
-----------------------------------------------------------------------------------------------------------------------------------------------


